
CapacitacionJala@C302-07 MINGW64 ~/Desktop/testinggit (new-hola)
$ git init
Initialized empty Git repository in C:/Users/CapacitacionJala/Desktop/testinggit/.git/

CapacitacionJala@C302-07 MINGW64 ~/Desktop/testinggit (master)
$ touch .gitignore

CapacitacionJala@C302-07 MINGW64 ~/Desktop/testinggit (master)
$ ls

CapacitacionJala@C302-07 MINGW64 ~/Desktop/testinggit (master)
$ nano .gitignore










CapacitacionJala@C302-07 MINGW64 ~/Desktop/testinggit (master)
$

CapacitacionJala@C302-07 MINGW64 ~/Desktop/testinggit (master)
$ echo "*.docx"
*.docx

CapacitacionJala@C302-07 MINGW64 ~/Desktop/testinggit (master)
$ echo "*.docx" >> .gitignore

CapacitacionJala@C302-07 MINGW64 ~/Desktop/testinggit (master)
$ nano .gitignore

CapacitacionJala@C302-07 MINGW64 ~/Desktop/testinggit (master)
$ git status
On branch master

No commits yet

Untracked files:
  (use "git add <file>..." to include in what will be committed)

        .gitignore

nothing added to commit but untracked files present (use "git add" to track)

CapacitacionJala@C302-07 MINGW64 ~/Desktop/testinggit (master)
$ git add .gitignore
warning: LF will be replaced by CRLF in .gitignore.
The file will have its original line endings in your working directory.

CapacitacionJala@C302-07 MINGW64 ~/Desktop/testinggit (master)
$ git commit -m "added gitignoge file"
[master (root-commit) 85cdb85] added gitignoge file
 1 file changed, 1 insertion(+)
 create mode 100644 .gitignore

CapacitacionJala@C302-07 MINGW64 ~/Desktop/testinggit (master)
$ git status
On branch master
nothing to commit, working tree clean

CapacitacionJala@C302-07 MINGW64 ~/Desktop/testinggit (master)
$ touch test.docx

CapacitacionJala@C302-07 MINGW64 ~/Desktop/testinggit (master)
$ git status
On branch master
nothing to commit, working tree clean

CapacitacionJala@C302-07 MINGW64 ~/Desktop/testinggit (master)
$ nano .gitignore

CapacitacionJala@C302-07 MINGW64 ~/Desktop/testinggit (master)
$ git status
On branch master
Changes not staged for commit:
  (use "git add <file>..." to update what will be committed)
  (use "git checkout -- <file>..." to discard changes in working directory)

        modified:   .gitignore

Untracked files:
  (use "git add <file>..." to include in what will be committed)

        test.docx

no changes added to commit (use "git add" and/or "git commit -a")

CapacitacionJala@C302-07 MINGW64 ~/Desktop/testinggit (master)
$ nano .gitignore

CapacitacionJala@C302-07 MINGW64 ~/Desktop/testinggit (master)
$ touch folder-name/test.txt
touch: cannot touch 'folder-name/test.txt': No such file or directory

CapacitacionJala@C302-07 MINGW64 ~/Desktop/testinggit (master)
$ touch folder-name/test.txt

CapacitacionJala@C302-07 MINGW64 ~/Desktop/testinggit (master)
$ nano .gitignore

CapacitacionJala@C302-07 MINGW64 ~/Desktop/testinggit (master)
$ git status
On branch master
Changes not staged for commit:
  (use "git add <file>..." to update what will be committed)
  (use "git checkout -- <file>..." to discard changes in working directory)

        modified:   .gitignore

no changes added to commit (use "git add" and/or "git commit -a")

CapacitacionJala@C302-07 MINGW64 ~/Desktop/testinggit (master)
$ echo "*.mp3" >> .gitignore

CapacitacionJala@C302-07 MINGW64 ~/Desktop/testinggit (master)
$ nano .gitignore

CapacitacionJala@C302-07 MINGW64 ~/Desktop/testinggit (master)
$ echo "/documentation/*.xls" >> .gitignore

CapacitacionJala@C302-07 MINGW64 ~/Desktop/testinggit (master)
$ nano .gitignore

CapacitacionJala@C302-07 MINGW64 ~/Desktop/testinggit (master)
